src/admin/pages/AdminDashboard.tsx(2,25): error TS2732: Cannot find module '../../data/content.json'. Consider using '--resolveJsonModule' to import module with '.json' extension.
